2026-08-24 00:59:56.579: [INFO] CurrentProfilePath: C:\Users\Jonah\OneDrive\Documents\CSE271\.metadata\.plugins\org.eclipse.swt\EBWebView\Default
2026-08-24 00:59:56.579: [INFO] Profiles total count: 1
2026-08-24 00:59:56.579: [INFO] Profile: name=Profile 1 path=C:\Users\Jonah\OneDrive\Documents\CSE271\.metadata\.plugins\org.eclipse.swt\EBWebView\Default lastActive=null
2026-08-24 00:59:56.579: [INFO] LastUsedProfileDir: C:\Users\Jonah\OneDrive\Documents\CSE271\.metadata\.plugins\org.eclipse.swt\EBWebView\Default
2026-08-24 00:59:56.579: [INFO] OnDoneLoading sync enabled: 0
2026-08-24 00:59:56.579: [INFO] BookmarkModelLoaded, ids_reassigned: 0
2026-08-24 00:59:56.579: [INFO] BookmarksLoadDropped droppedNodes=0
2026-08-24 00:59:56.579: [INFO] BookmarksSnapshot Startup total=0 bar=0 other=0 mobile=0 showBar=0 showBarNTP=1
2026-08-24 01:00:10.463: [INFO] BookmarksSnapshot Shutdown total=0 bar=0 other=0 mobile=0 showBar=0 showBarNTP=1
2026-08-24 01:00:11.724: [INFO] CurrentProfilePath: C:\Users\Jonah\OneDrive\Documents\CSE271\.metadata\.plugins\org.eclipse.swt\EBWebView\Default
2026-08-24 01:00:11.724: [INFO] Profiles total count: 1
2026-08-24 01:00:11.725: [INFO] Profile: name=Profile 1 path=C:\Users\Jonah\OneDrive\Documents\CSE271\.metadata\.plugins\org.eclipse.swt\EBWebView\Default lastActive=2026-08-24T00:59:57.573Z
2026-08-24 01:00:11.725: [INFO] LastUsedProfileDir: C:\Users\Jonah\OneDrive\Documents\CSE271\.metadata\.plugins\org.eclipse.swt\EBWebView\Default
2026-08-24 01:00:11.725: [INFO] MostRecentlyActiveProfile: name=Profile 1 path=C:\Users\Jonah\OneDrive\Documents\CSE271\.metadata\.plugins\org.eclipse.swt\EBWebView\Default lastActive=2026-08-24T00:59:57.573Z
2026-08-24 01:00:11.725: [INFO] OnDoneLoading sync enabled: 0
2026-08-24 01:00:11.725: [INFO] BookmarkModelLoaded, ids_reassigned: 0
2026-08-24 01:00:11.725: [INFO] BookmarksLoadDropped droppedNodes=0
2026-08-24 01:00:11.725: [INFO] BookmarksSnapshot Startup total=0 bar=0 other=0 mobile=0 showBar=0 showBarNTP=1
2026-08-24 01:00:18.106: [INFO] BookmarksSnapshot Shutdown total=0 bar=0 other=0 mobile=0 showBar=0 showBarNTP=1
2026-08-24 01:13:38.309: [INFO] CurrentProfilePath: C:\Users\Jonah\OneDrive\Documents\CSE271\.metadata\.plugins\org.eclipse.swt\EBWebView\Default
2026-08-24 01:13:38.309: [INFO] Profiles total count: 1
2026-08-24 01:13:38.310: [INFO] Profile: name=Profile 1 path=C:\Users\Jonah\OneDrive\Documents\CSE271\.metadata\.plugins\org.eclipse.swt\EBWebView\Default lastActive=2026-08-24T00:59:57.573Z
2026-08-24 01:13:38.310: [INFO] LastUsedProfileDir: C:\Users\Jonah\OneDrive\Documents\CSE271\.metadata\.plugins\org.eclipse.swt\EBWebView\Default
2026-08-24 01:13:38.310: [INFO] MostRecentlyActiveProfile: name=Profile 1 path=C:\Users\Jonah\OneDrive\Documents\CSE271\.metadata\.plugins\org.eclipse.swt\EBWebView\Default lastActive=2026-08-24T00:59:57.573Z
2026-08-24 01:13:38.310: [INFO] OnDoneLoading sync enabled: 0
2026-08-24 01:13:38.310: [INFO] BookmarkModelLoaded, ids_reassigned: 0
2026-08-24 01:13:38.310: [INFO] BookmarksLoadDropped droppedNodes=0
2026-08-24 01:13:38.310: [INFO] BookmarksSnapshot Startup total=0 bar=0 other=0 mobile=0 showBar=0 showBarNTP=1
2026-08-24 01:13:38.574: [INFO] BookmarksSnapshot Shutdown total=0 bar=0 other=0 mobile=0 showBar=0 showBarNTP=1
2026-08-24 01:13:39.550: [INFO] CurrentProfilePath: C:\Users\Jonah\OneDrive\Documents\CSE271\.metadata\.plugins\org.eclipse.swt\EBWebView\Default
2026-08-24 01:13:39.550: [INFO] Profiles total count: 1
2026-08-24 01:13:39.551: [INFO] Profile: name=Profile 1 path=C:\Users\Jonah\OneDrive\Documents\CSE271\.metadata\.plugins\org.eclipse.swt\EBWebView\Default lastActive=2026-08-24T00:59:57.573Z
2026-08-24 01:13:39.551: [INFO] LastUsedProfileDir: C:\Users\Jonah\OneDrive\Documents\CSE271\.metadata\.plugins\org.eclipse.swt\EBWebView\Default
2026-08-24 01:13:39.551: [INFO] MostRecentlyActiveProfile: name=Profile 1 path=C:\Users\Jonah\OneDrive\Documents\CSE271\.metadata\.plugins\org.eclipse.swt\EBWebView\Default lastActive=2026-08-24T00:59:57.573Z
2026-08-24 01:13:39.551: [INFO] OnDoneLoading sync enabled: 0
2026-08-24 01:13:39.551: [INFO] BookmarkModelLoaded, ids_reassigned: 0
2026-08-24 01:13:39.551: [INFO] BookmarksLoadDropped droppedNodes=0
2026-08-24 01:13:39.551: [INFO] BookmarksSnapshot Startup total=0 bar=0 other=0 mobile=0 showBar=0 showBarNTP=1
2026-08-24 01:13:44.663: [INFO] BookmarksSnapshot Shutdown total=0 bar=0 other=0 mobile=0 showBar=0 showBarNTP=1
2026-09-01 18:45:21.292: [INFO] CurrentProfilePath: C:\Users\Jonah\OneDrive\Documents\CSE271(desktop)\.metadata\.plugins\org.eclipse.swt\EBWebView\Default
2026-09-01 18:45:21.292: [INFO] Profiles total count: 1
2026-09-01 18:45:21.293: [INFO] Profile: name=Profile 1 path=C:\Users\Jonah\OneDrive\Documents\CSE271(desktop)\.metadata\.plugins\org.eclipse.swt\EBWebView\Default lastActive=2026-08-24T00:59:57.573Z
2026-09-01 18:45:21.293: [INFO] LastUsedProfileDir: C:\Users\Jonah\OneDrive\Documents\CSE271(desktop)\.metadata\.plugins\org.eclipse.swt\EBWebView\Default
2026-09-01 18:45:21.294: [INFO] MostRecentlyActiveProfile: name=Profile 1 path=C:\Users\Jonah\OneDrive\Documents\CSE271(desktop)\.metadata\.plugins\org.eclipse.swt\EBWebView\Default lastActive=2026-08-24T00:59:57.573Z
2026-09-01 18:45:21.294: [INFO] OnDoneLoading sync enabled: 0
2026-09-01 18:45:21.294: [INFO] BookmarkModelLoaded, ids_reassigned: 0
2026-09-01 18:45:21.294: [INFO] BookmarksLoadDropped droppedNodes=0
2026-09-01 18:45:21.294: [INFO] BookmarksSnapshot Startup total=0 bar=0 other=0 mobile=0 showBar=0 showBarNTP=1
2026-09-01 18:45:53.812: [INFO] BookmarksSnapshot Shutdown total=0 bar=0 other=0 mobile=0 showBar=0 showBarNTP=1
2026-09-01 18:48:03.267: [INFO] CurrentProfilePath: C:\Users\Jonah\OneDrive\Documents\CSE271(desktop)\.metadata\.plugins\org.eclipse.swt\EBWebView\Default
2026-09-01 18:48:03.267: [INFO] Profiles total count: 1
2026-09-01 18:48:03.268: [INFO] Profile: name=Profile 1 path=C:\Users\Jonah\OneDrive\Documents\CSE271(desktop)\.metadata\.plugins\org.eclipse.swt\EBWebView\Default lastActive=2026-09-01T18:45:52.371Z
2026-09-01 18:48:03.268: [INFO] LastUsedProfileDir: C:\Users\Jonah\OneDrive\Documents\CSE271(desktop)\.metadata\.plugins\org.eclipse.swt\EBWebView\Default
2026-09-01 18:48:03.268: [INFO] MostRecentlyActiveProfile: name=Profile 1 path=C:\Users\Jonah\OneDrive\Documents\CSE271(desktop)\.metadata\.plugins\org.eclipse.swt\EBWebView\Default lastActive=2026-09-01T18:45:52.371Z
2026-09-01 18:48:03.268: [INFO] OnDoneLoading sync enabled: 0
2026-09-01 18:48:03.268: [INFO] BookmarkModelLoaded, ids_reassigned: 0
2026-09-01 18:48:03.268: [INFO] BookmarksLoadDropped droppedNodes=0
2026-09-01 18:48:03.268: [INFO] BookmarksSnapshot Startup total=0 bar=0 other=0 mobile=0 showBar=0 showBarNTP=1
2026-09-01 18:48:03.443: [INFO] BookmarksSnapshot Shutdown total=0 bar=0 other=0 mobile=0 showBar=0 showBarNTP=1
2026-09-04 20:33:20.343: [INFO] CurrentProfilePath: C:\Users\Jonah\OneDrive\Documents\CSE271(desktop)\.metadata\.plugins\org.eclipse.swt\EBWebView\Default
2026-09-04 20:33:20.343: [INFO] Profiles total count: 1
2026-09-04 20:33:20.343: [INFO] Profile: name=Profile 1 path=C:\Users\Jonah\OneDrive\Documents\CSE271(desktop)\.metadata\.plugins\org.eclipse.swt\EBWebView\Default lastActive=2026-09-01T18:45:52.371Z
2026-09-04 20:33:20.343: [INFO] LastUsedProfileDir: C:\Users\Jonah\OneDrive\Documents\CSE271(desktop)\.metadata\.plugins\org.eclipse.swt\EBWebView\Default
2026-09-04 20:33:20.343: [INFO] MostRecentlyActiveProfile: name=Profile 1 path=C:\Users\Jonah\OneDrive\Documents\CSE271(desktop)\.metadata\.plugins\org.eclipse.swt\EBWebView\Default lastActive=2026-09-01T18:45:52.371Z
2026-09-04 20:33:20.343: [INFO] OnDoneLoading sync enabled: 0
2026-09-04 20:33:20.343: [INFO] BookmarkModelLoaded, ids_reassigned: 0
2026-09-04 20:33:20.343: [INFO] BookmarksLoadDropped droppedNodes=0
2026-09-04 20:33:20.343: [INFO] BookmarksSnapshot Startup total=0 bar=0 other=0 mobile=0 showBar=0 showBarNTP=1
2026-09-04 20:33:56.106: [INFO] BookmarksSnapshot Shutdown total=0 bar=0 other=0 mobile=0 showBar=0 showBarNTP=1
2026-09-04 20:34:18.804: [INFO] CurrentProfilePath: C:\Users\Jonah\OneDrive\Documents\CSE271(desktop)\.metadata\.plugins\org.eclipse.swt\EBWebView\Default
2026-09-04 20:34:18.804: [INFO] Profiles total count: 1
2026-09-04 20:34:18.804: [INFO] Profile: name=Profile 1 path=C:\Users\Jonah\OneDrive\Documents\CSE271(desktop)\.metadata\.plugins\org.eclipse.swt\EBWebView\Default lastActive=2026-09-04T20:33:44.642Z
2026-09-04 20:34:18.804: [INFO] LastUsedProfileDir: C:\Users\Jonah\OneDrive\Documents\CSE271(desktop)\.metadata\.plugins\org.eclipse.swt\EBWebView\Default
2026-09-04 20:34:18.804: [INFO] MostRecentlyActiveProfile: name=Profile 1 path=C:\Users\Jonah\OneDrive\Documents\CSE271(desktop)\.metadata\.plugins\org.eclipse.swt\EBWebView\Default lastActive=2026-09-04T20:33:44.642Z
2026-09-04 20:34:18.804: [INFO] OnDoneLoading sync enabled: 0
2026-09-04 20:34:18.804: [INFO] BookmarkModelLoaded, ids_reassigned: 0
2026-09-04 20:34:18.804: [INFO] BookmarksLoadDropped droppedNodes=0
2026-09-04 20:34:18.804: [INFO] BookmarksSnapshot Startup total=0 bar=0 other=0 mobile=0 showBar=0 showBarNTP=1
2026-09-04 22:11:10.958: [INFO] BookmarksSnapshot Shutdown total=0 bar=0 other=0 mobile=0 showBar=0 showBarNTP=1
2026-09-06 03:44:09.211: [INFO] CurrentProfilePath: C:\Users\Jonah\OneDrive\Documents\CSE271(desktop)\.metadata\.plugins\org.eclipse.swt\EBWebView\Default
2026-09-06 03:44:09.211: [INFO] Profiles total count: 1
2026-09-06 03:44:09.211: [INFO] Profile: name=Profile 1 path=C:\Users\Jonah\OneDrive\Documents\CSE271(desktop)\.metadata\.plugins\org.eclipse.swt\EBWebView\Default lastActive=2026-09-04T20:33:44.642Z
2026-09-06 03:44:09.211: [INFO] LastUsedProfileDir: C:\Users\Jonah\OneDrive\Documents\CSE271(desktop)\.metadata\.plugins\org.eclipse.swt\EBWebView\Default
2026-09-06 03:44:09.211: [INFO] MostRecentlyActiveProfile: name=Profile 1 path=C:\Users\Jonah\OneDrive\Documents\CSE271(desktop)\.metadata\.plugins\org.eclipse.swt\EBWebView\Default lastActive=2026-09-04T20:33:44.642Z
2026-09-06 03:44:09.211: [INFO] OnDoneLoading sync enabled: 0
2026-09-06 03:44:09.211: [INFO] BookmarkModelLoaded, ids_reassigned: 0
2026-09-06 03:44:09.211: [INFO] BookmarksLoadDropped droppedNodes=0
2026-09-06 03:44:09.211: [INFO] BookmarksSnapshot Startup total=0 bar=0 other=0 mobile=0 showBar=0 showBarNTP=1
2026-09-06 03:44:18.798: [INFO] BookmarksSnapshot Shutdown total=0 bar=0 other=0 mobile=0 showBar=0 showBarNTP=1
2026-09-14 01:01:58.371: [INFO] CurrentProfilePath: C:\Users\Jonah\CSE271(desktop)\.metadata\.plugins\org.eclipse.swt\EBWebView\Default
2026-09-14 01:01:58.371: [INFO] Profiles total count: 1
2026-09-14 01:01:58.371: [INFO] Profile: name=Profile 1 path=C:\Users\Jonah\CSE271(desktop)\.metadata\.plugins\org.eclipse.swt\EBWebView\Default lastActive=2026-09-04T20:33:44.642Z
2026-09-14 01:01:58.371: [INFO] LastUsedProfileDir: C:\Users\Jonah\CSE271(desktop)\.metadata\.plugins\org.eclipse.swt\EBWebView\Default
2026-09-14 01:01:58.371: [INFO] MostRecentlyActiveProfile: name=Profile 1 path=C:\Users\Jonah\CSE271(desktop)\.metadata\.plugins\org.eclipse.swt\EBWebView\Default lastActive=2026-09-04T20:33:44.642Z
2026-09-14 01:01:58.371: [INFO] OnDoneLoading sync enabled: 0
2026-09-14 01:01:58.371: [INFO] BookmarkModelLoaded, ids_reassigned: 0
2026-09-14 01:01:58.371: [INFO] BookmarksLoadDropped droppedNodes=0
2026-09-14 01:01:58.371: [INFO] BookmarksSnapshot Startup total=0 bar=0 other=0 mobile=0 showBar=0 showBarNTP=1
2026-09-14 01:02:08.361: [INFO] BookmarksSnapshot Shutdown total=0 bar=0 other=0 mobile=0 showBar=0 showBarNTP=1
2026-09-14 01:08:55.622: [INFO] CurrentProfilePath: C:\Users\Jonah\CSE271(desktop)\.metadata\.plugins\org.eclipse.swt\EBWebView\Default
2026-09-14 01:08:55.622: [INFO] Profiles total count: 1
2026-09-14 01:08:55.622: [INFO] Profile: name=Profile 1 path=C:\Users\Jonah\CSE271(desktop)\.metadata\.plugins\org.eclipse.swt\EBWebView\Default lastActive=2026-09-14T01:02:06.251Z
2026-09-14 01:08:55.622: [INFO] LastUsedProfileDir: C:\Users\Jonah\CSE271(desktop)\.metadata\.plugins\org.eclipse.swt\EBWebView\Default
2026-09-14 01:08:55.622: [INFO] MostRecentlyActiveProfile: name=Profile 1 path=C:\Users\Jonah\CSE271(desktop)\.metadata\.plugins\org.eclipse.swt\EBWebView\Default lastActive=2026-09-14T01:02:06.251Z
2026-09-14 01:08:55.622: [INFO] OnDoneLoading sync enabled: 0
2026-09-14 01:08:55.622: [INFO] BookmarkModelLoaded, ids_reassigned: 0
2026-09-14 01:08:55.622: [INFO] BookmarksLoadDropped droppedNodes=0
2026-09-14 01:08:55.622: [INFO] BookmarksSnapshot Startup total=0 bar=0 other=0 mobile=0 showBar=0 showBarNTP=1
2026-09-14 01:08:56.016: [INFO] BookmarksSnapshot Shutdown total=0 bar=0 other=0 mobile=0 showBar=0 showBarNTP=1
2026-09-14 01:09:57.743: [INFO] CurrentProfilePath: C:\Users\Jonah\CSE271(desktop)\.metadata\.plugins\org.eclipse.swt\EBWebView\Default
2026-09-14 01:09:57.743: [INFO] Profiles total count: 1
2026-09-14 01:09:57.743: [INFO] Profile: name=Profile 1 path=C:\Users\Jonah\CSE271(desktop)\.metadata\.plugins\org.eclipse.swt\EBWebView\Default lastActive=2026-09-14T01:02:06.251Z
2026-09-14 01:09:57.743: [INFO] LastUsedProfileDir: C:\Users\Jonah\CSE271(desktop)\.metadata\.plugins\org.eclipse.swt\EBWebView\Default
2026-09-14 01:09:57.743: [INFO] MostRecentlyActiveProfile: name=Profile 1 path=C:\Users\Jonah\CSE271(desktop)\.metadata\.plugins\org.eclipse.swt\EBWebView\Default lastActive=2026-09-14T01:02:06.251Z
2026-09-14 01:09:57.743: [INFO] OnDoneLoading sync enabled: 0
2026-09-14 01:09:57.743: [INFO] BookmarkModelLoaded, ids_reassigned: 0
2026-09-14 01:09:57.743: [INFO] BookmarksLoadDropped droppedNodes=0
2026-09-14 01:09:57.743: [INFO] BookmarksSnapshot Startup total=0 bar=0 other=0 mobile=0 showBar=0 showBarNTP=1
2026-09-14 01:09:57.912: [INFO] BookmarksSnapshot Shutdown total=0 bar=0 other=0 mobile=0 showBar=0 showBarNTP=1
2026-09-14 01:12:34.166: [INFO] CurrentProfilePath: C:\Users\Jonah\CSE271(desktop)\.metadata\.plugins\org.eclipse.swt\EBWebView\Default
2026-09-14 01:12:34.166: [INFO] Profiles total count: 1
2026-09-14 01:12:34.166: [INFO] Profile: name=Profile 1 path=C:\Users\Jonah\CSE271(desktop)\.metadata\.plugins\org.eclipse.swt\EBWebView\Default lastActive=2026-09-14T01:02:06.251Z
2026-09-14 01:12:34.166: [INFO] LastUsedProfileDir: C:\Users\Jonah\CSE271(desktop)\.metadata\.plugins\org.eclipse.swt\EBWebView\Default
2026-09-14 01:12:34.166: [INFO] MostRecentlyActiveProfile: name=Profile 1 path=C:\Users\Jonah\CSE271(desktop)\.metadata\.plugins\org.eclipse.swt\EBWebView\Default lastActive=2026-09-14T01:02:06.251Z
2026-09-14 01:12:34.166: [INFO] OnDoneLoading sync enabled: 0
2026-09-14 01:12:34.166: [INFO] BookmarkModelLoaded, ids_reassigned: 0
2026-09-14 01:12:34.166: [INFO] BookmarksLoadDropped droppedNodes=0
2026-09-14 01:12:34.166: [INFO] BookmarksSnapshot Startup total=0 bar=0 other=0 mobile=0 showBar=0 showBarNTP=1
2026-09-14 01:59:38.315: [INFO] BookmarksSnapshot Shutdown total=0 bar=0 other=0 mobile=0 showBar=0 showBarNTP=1
2026-09-14 01:59:44.594: [INFO] CurrentProfilePath: C:\Users\Jonah\CSE271(desktop)\.metadata\.plugins\org.eclipse.swt\EBWebView\Default
2026-09-14 01:59:44.594: [INFO] Profiles total count: 1
2026-09-14 01:59:44.594: [INFO] Profile: name=Profile 1 path=C:\Users\Jonah\CSE271(desktop)\.metadata\.plugins\org.eclipse.swt\EBWebView\Default lastActive=2026-09-14T01:02:06.251Z
2026-09-14 01:59:44.594: [INFO] LastUsedProfileDir: C:\Users\Jonah\CSE271(desktop)\.metadata\.plugins\org.eclipse.swt\EBWebView\Default
2026-09-14 01:59:44.594: [INFO] MostRecentlyActiveProfile: name=Profile 1 path=C:\Users\Jonah\CSE271(desktop)\.metadata\.plugins\org.eclipse.swt\EBWebView\Default lastActive=2026-09-14T01:02:06.251Z
2026-09-14 01:59:44.594: [INFO] OnDoneLoading sync enabled: 0
2026-09-14 01:59:44.594: [INFO] BookmarkModelLoaded, ids_reassigned: 0
2026-09-14 01:59:44.594: [INFO] BookmarksLoadDropped droppedNodes=0
2026-09-14 01:59:44.594: [INFO] BookmarksSnapshot Startup total=0 bar=0 other=0 mobile=0 showBar=0 showBarNTP=1
2026-09-14 02:01:30.229: [INFO] BookmarksSnapshot Shutdown total=0 bar=0 other=0 mobile=0 showBar=0 showBarNTP=1
2026-09-14 02:04:59.300: [INFO] CurrentProfilePath: C:\Users\Jonah\CSE271(desktop)\.metadata\.plugins\org.eclipse.swt\EBWebView\Default
2026-09-14 02:04:59.300: [INFO] Profiles total count: 1
2026-09-14 02:04:59.300: [INFO] Profile: name=Profile 1 path=C:\Users\Jonah\CSE271(desktop)\.metadata\.plugins\org.eclipse.swt\EBWebView\Default lastActive=2026-09-14T01:02:06.251Z
2026-09-14 02:04:59.300: [INFO] LastUsedProfileDir: C:\Users\Jonah\CSE271(desktop)\.metadata\.plugins\org.eclipse.swt\EBWebView\Default
2026-09-14 02:04:59.300: [INFO] MostRecentlyActiveProfile: name=Profile 1 path=C:\Users\Jonah\CSE271(desktop)\.metadata\.plugins\org.eclipse.swt\EBWebView\Default lastActive=2026-09-14T01:02:06.251Z
2026-09-14 02:04:59.300: [INFO] OnDoneLoading sync enabled: 0
2026-09-14 02:04:59.300: [INFO] BookmarkModelLoaded, ids_reassigned: 0
2026-09-14 02:04:59.300: [INFO] BookmarksLoadDropped droppedNodes=0
2026-09-14 02:04:59.300: [INFO] BookmarksSnapshot Startup total=0 bar=0 other=0 mobile=0 showBar=0 showBarNTP=1
2026-09-14 02:18:27.037: [INFO] BookmarksSnapshot Shutdown total=0 bar=0 other=0 mobile=0 showBar=0 showBarNTP=1
2026-09-14 02:22:45.965: [INFO] CurrentProfilePath: C:\Users\Jonah\CSE271(desktop)\.metadata\.plugins\org.eclipse.swt\EBWebView\Default
2026-09-14 02:22:45.965: [INFO] Profiles total count: 1
2026-09-14 02:22:45.965: [INFO] Profile: name=Profile 1 path=C:\Users\Jonah\CSE271(desktop)\.metadata\.plugins\org.eclipse.swt\EBWebView\Default lastActive=2026-09-14T01:02:06.251Z
2026-09-14 02:22:45.965: [INFO] LastUsedProfileDir: C:\Users\Jonah\CSE271(desktop)\.metadata\.plugins\org.eclipse.swt\EBWebView\Default
2026-09-14 02:22:45.965: [INFO] MostRecentlyActiveProfile: name=Profile 1 path=C:\Users\Jonah\CSE271(desktop)\.metadata\.plugins\org.eclipse.swt\EBWebView\Default lastActive=2026-09-14T01:02:06.251Z
2026-09-14 02:22:45.965: [INFO] OnDoneLoading sync enabled: 0
2026-09-14 02:22:45.965: [INFO] BookmarkModelLoaded, ids_reassigned: 0
2026-09-14 02:22:45.965: [INFO] BookmarksLoadDropped droppedNodes=0
2026-09-14 02:22:45.965: [INFO] BookmarksSnapshot Startup total=0 bar=0 other=0 mobile=0 showBar=0 showBarNTP=1
2026-09-14 02:22:49.990: [INFO] BookmarksSnapshot Shutdown total=0 bar=0 other=0 mobile=0 showBar=0 showBarNTP=1
2026-09-14 02:24:00.390: [INFO] CurrentProfilePath: C:\Users\Jonah\CSE271(desktop)\.metadata\.plugins\org.eclipse.swt\EBWebView\Default
2026-09-14 02:24:00.390: [INFO] Profiles total count: 1
2026-09-14 02:24:00.390: [INFO] Profile: name=Profile 1 path=C:\Users\Jonah\CSE271(desktop)\.metadata\.plugins\org.eclipse.swt\EBWebView\Default lastActive=2026-09-14T01:02:06.251Z
2026-09-14 02:24:00.390: [INFO] LastUsedProfileDir: C:\Users\Jonah\CSE271(desktop)\.metadata\.plugins\org.eclipse.swt\EBWebView\Default
2026-09-14 02:24:00.390: [INFO] MostRecentlyActiveProfile: name=Profile 1 path=C:\Users\Jonah\CSE271(desktop)\.metadata\.plugins\org.eclipse.swt\EBWebView\Default lastActive=2026-09-14T01:02:06.251Z
2026-09-14 02:24:00.390: [INFO] OnDoneLoading sync enabled: 0
2026-09-14 02:24:00.390: [INFO] BookmarkModelLoaded, ids_reassigned: 0
2026-09-14 02:24:00.390: [INFO] BookmarksLoadDropped droppedNodes=0
2026-09-14 02:24:00.390: [INFO] BookmarksSnapshot Startup total=0 bar=0 other=0 mobile=0 showBar=0 showBarNTP=1
2026-09-14 02:24:08.484: [INFO] BookmarksSnapshot Shutdown total=0 bar=0 other=0 mobile=0 showBar=0 showBarNTP=1
2026-09-14 02:27:08.531: [INFO] CurrentProfilePath: C:\Users\Jonah\CSE271(desktop)\.metadata\.plugins\org.eclipse.swt\EBWebView\Default
2026-09-14 02:27:08.531: [INFO] Profiles total count: 1
2026-09-14 02:27:08.531: [INFO] Profile: name=Profile 1 path=C:\Users\Jonah\CSE271(desktop)\.metadata\.plugins\org.eclipse.swt\EBWebView\Default lastActive=2026-09-14T01:02:06.251Z
2026-09-14 02:27:08.531: [INFO] LastUsedProfileDir: C:\Users\Jonah\CSE271(desktop)\.metadata\.plugins\org.eclipse.swt\EBWebView\Default
2026-09-14 02:27:08.531: [INFO] MostRecentlyActiveProfile: name=Profile 1 path=C:\Users\Jonah\CSE271(desktop)\.metadata\.plugins\org.eclipse.swt\EBWebView\Default lastActive=2026-09-14T01:02:06.251Z
2026-09-14 02:27:08.531: [INFO] OnDoneLoading sync enabled: 0
2026-09-14 02:27:08.531: [INFO] BookmarkModelLoaded, ids_reassigned: 0
2026-09-14 02:27:08.531: [INFO] BookmarksLoadDropped droppedNodes=0
2026-09-14 02:27:08.531: [INFO] BookmarksSnapshot Startup total=0 bar=0 other=0 mobile=0 showBar=0 showBarNTP=1
2026-09-14 02:27:15.582: [INFO] BookmarksSnapshot Shutdown total=0 bar=0 other=0 mobile=0 showBar=0 showBarNTP=1
2026-09-14 02:29:33.701: [INFO] CurrentProfilePath: C:\Users\Jonah\CSE271(desktop)\.metadata\.plugins\org.eclipse.swt\EBWebView\Default
2026-09-14 02:29:33.701: [INFO] Profiles total count: 1
2026-09-14 02:29:33.701: [INFO] Profile: name=Profile 1 path=C:\Users\Jonah\CSE271(desktop)\.metadata\.plugins\org.eclipse.swt\EBWebView\Default lastActive=2026-09-14T01:02:06.251Z
2026-09-14 02:29:33.701: [INFO] LastUsedProfileDir: C:\Users\Jonah\CSE271(desktop)\.metadata\.plugins\org.eclipse.swt\EBWebView\Default
2026-09-14 02:29:33.701: [INFO] MostRecentlyActiveProfile: name=Profile 1 path=C:\Users\Jonah\CSE271(desktop)\.metadata\.plugins\org.eclipse.swt\EBWebView\Default lastActive=2026-09-14T01:02:06.251Z
2026-09-14 02:29:33.701: [INFO] OnDoneLoading sync enabled: 0
2026-09-14 02:29:33.701: [INFO] BookmarkModelLoaded, ids_reassigned: 0
2026-09-14 02:29:33.701: [INFO] BookmarksLoadDropped droppedNodes=0
2026-09-14 02:29:33.701: [INFO] BookmarksSnapshot Startup total=0 bar=0 other=0 mobile=0 showBar=0 showBarNTP=1
2026-09-14 02:29:33.826: [INFO] BookmarksSnapshot Shutdown total=0 bar=0 other=0 mobile=0 showBar=0 showBarNTP=1
2026-09-14 02:34:34.950: [INFO] CurrentProfilePath: C:\Users\Jonah\CSE271(desktop)\.metadata\.plugins\org.eclipse.swt\EBWebView\Default
2026-09-14 02:34:34.950: [INFO] Profiles total count: 1
2026-09-14 02:34:34.950: [INFO] Profile: name=Profile 1 path=C:\Users\Jonah\CSE271(desktop)\.metadata\.plugins\org.eclipse.swt\EBWebView\Default lastActive=2026-09-14T01:02:06.251Z
2026-09-14 02:34:34.950: [INFO] LastUsedProfileDir: C:\Users\Jonah\CSE271(desktop)\.metadata\.plugins\org.eclipse.swt\EBWebView\Default
2026-09-14 02:34:34.950: [INFO] MostRecentlyActiveProfile: name=Profile 1 path=C:\Users\Jonah\CSE271(desktop)\.metadata\.plugins\org.eclipse.swt\EBWebView\Default lastActive=2026-09-14T01:02:06.251Z
2026-09-14 02:34:34.950: [INFO] OnDoneLoading sync enabled: 0
2026-09-14 02:34:34.950: [INFO] BookmarkModelLoaded, ids_reassigned: 0
2026-09-14 02:34:34.950: [INFO] BookmarksLoadDropped droppedNodes=0
2026-09-14 02:34:34.950: [INFO] BookmarksSnapshot Startup total=0 bar=0 other=0 mobile=0 showBar=0 showBarNTP=1
2026-09-14 02:34:35.057: [INFO] BookmarksSnapshot Shutdown total=0 bar=0 other=0 mobile=0 showBar=0 showBarNTP=1
2026-09-14 02:36:50.587: [INFO] CurrentProfilePath: C:\Users\Jonah\CSE271(desktop)\.metadata\.plugins\org.eclipse.swt\EBWebView\Default
2026-09-14 02:36:50.587: [INFO] Profiles total count: 1
2026-09-14 02:36:50.587: [INFO] Profile: name=Profile 1 path=C:\Users\Jonah\CSE271(desktop)\.metadata\.plugins\org.eclipse.swt\EBWebView\Default lastActive=2026-09-14T01:02:06.251Z
2026-09-14 02:36:50.587: [INFO] LastUsedProfileDir: C:\Users\Jonah\CSE271(desktop)\.metadata\.plugins\org.eclipse.swt\EBWebView\Default
2026-09-14 02:36:50.587: [INFO] MostRecentlyActiveProfile: name=Profile 1 path=C:\Users\Jonah\CSE271(desktop)\.metadata\.plugins\org.eclipse.swt\EBWebView\Default lastActive=2026-09-14T01:02:06.251Z
2026-09-14 02:36:50.587: [INFO] OnDoneLoading sync enabled: 0
2026-09-14 02:36:50.587: [INFO] BookmarkModelLoaded, ids_reassigned: 0
2026-09-14 02:36:50.587: [INFO] BookmarksLoadDropped droppedNodes=0
2026-09-14 02:36:50.587: [INFO] BookmarksSnapshot Startup total=0 bar=0 other=0 mobile=0 showBar=0 showBarNTP=1
2026-09-14 02:36:50.708: [INFO] BookmarksSnapshot Shutdown total=0 bar=0 other=0 mobile=0 showBar=0 showBarNTP=1
